../Core/Src/main.c:80:5:main	8	static
../Core/Src/main.c:130:6:SystemClock_Config	96	static
../Core/Src/main.c:172:13:MX_I2C2_Init	8	static
../Core/Src/main.c:220:13:MX_IWDG_Init	8	static
../Core/Src/main.c:249:13:MX_LPTIM1_Init	8	static
../Core/Src/main.c:283:13:MX_LPTIM2_Init	8	static
../Core/Src/main.c:316:13:MX_USART1_UART_Init	8	static
../Core/Src/main.c:364:13:MX_USART2_UART_Init	8	static
../Core/Src/main.c:412:13:MX_GPIO_Init	48	static
../Core/Src/main.c:500:6:Error_Handler	8	static,ignoring_inline_asm
