../Core/Src/main.c:80:5:main	8	static
../Core/Src/main.c:134:6:SystemClock_Config	96	static
../Core/Src/main.c:176:13:MX_I2C2_Init	8	static
../Core/Src/main.c:224:13:MX_IWDG_Init	8	static
../Core/Src/main.c:253:13:MX_LPTIM1_Init	8	static
../Core/Src/main.c:287:13:MX_LPTIM2_Init	8	static
../Core/Src/main.c:320:13:MX_USART1_UART_Init	8	static
../Core/Src/main.c:368:13:MX_USART2_UART_Init	8	static
../Core/Src/main.c:416:13:MX_GPIO_Init	48	static
../Core/Src/main.c:472:13:Task_ActLED	8	static
../Core/Src/main.c:508:6:Error_Handler	8	static,ignoring_inline_asm
