../Core/Src/modbus_slave.c:56:17:crc16	24	static
../Core/Src/modbus_slave.c:74:13:led_apply	16	static
../Core/Src/modbus_slave.c:82:13:led_applyAll	16	static
../Core/Src/modbus_slave.c:89:13:sendResponse	32	static
../Core/Src/modbus_slave.c:98:13:sendException	16	static
../Core/Src/modbus_slave.c:107:13:fc01_readCoils	32	static
../Core/Src/modbus_slave.c:141:13:fc05_writeSingleCoil	16	static
../Core/Src/modbus_slave.c:167:13:fc0F_writeMultipleCoils	32	static
../Core/Src/modbus_slave.c:203:13:fc03_readHoldingRegs	16	static
../Core/Src/modbus_slave.c:234:13:fc06_writeSingleReg	16	static
../Core/Src/modbus_slave.c:254:13:fc10_writeMultipleRegs	16	static
../Core/Src/modbus_slave.c:289:13:processFrame	24	static
../Core/Src/modbus_slave.c:327:6:Modbus_Init	8	static
../Core/Src/modbus_slave.c:342:6:Modbus_RxByteCallback	24	static
../Core/Src/modbus_slave.c:361:6:Modbus_TimerCallback	8	static
../Core/Src/modbus_slave.c:372:6:HAL_UART_TxCpltCallback	16	static
