../Core/Src/modbus_timer.c:47:17:prvCalc_T35_us	16	static
../Core/Src/modbus_timer.c:62:17:prvUs_to_Ticks	24	static
../Core/Src/modbus_timer.c:76:21:prvReadBaudPins	16	static
../Core/Src/modbus_timer.c:107:13:prvWaitARROK	16	static,ignoring_inline_asm
../Core/Src/modbus_timer.c:121:13:prvLPTIM_Stop	8	static
../Core/Src/modbus_timer.c:130:13:prvLPTIM_SingleShot	16	static
../Core/Src/modbus_timer.c:162:6:ModbusTimer_Init	32	static,ignoring_inline_asm
../Core/Src/modbus_timer.c:209:6:ModbusTimer_Restart	8	static
../Core/Src/modbus_timer.c:218:6:ModbusTimer_Stop	8	static
../Core/Src/modbus_timer.c:223:10:Modbus_GetArrValue	8	static
../Core/Src/modbus_timer.c:231:6:LPTIM1_IRQHandler	8	static
../Core/Src/modbus_timer.c:245:28:ModbusTimer_FrameDoneCallback	8	static
